2025-05-16 09:23:27 - gui\uis\main_window\mainwindow.py[line:1435] - ERROR - could not open port 'COM24': PermissionError(13, 'Access is denied.', None, 5)
2025-05-16 09:50:02 - gui\uis\main_window\mainwindow.py[line:1435] - ERROR - could not open port 'COM24': PermissionError(13, 'Access is denied.', None, 5)
2025-05-16 10:14:42 - gui\uis\main_window\mainwindow.py[line:1435] - ERROR - could not open port 'COM10': PermissionError(13, 'A device attached to the system is not functioning.', None, 31)
2025-05-16 10:14:46 - gui\uis\main_window\mainwindow.py[line:1435] - ERROR - could not open port 'COM10': PermissionError(13, 'A device attached to the system is not functioning.', None, 31)
2025-05-16 10:14:51 - gui\uis\main_window\mainwindow.py[line:1435] - ERROR - could not open port 'COM10': PermissionError(13, 'A device attached to the system is not functioning.', None, 31)
2025-05-16 11:17:02 - gui\uis\main_window\mainwindow.py[line:1435] - ERROR - could not open port 'COM24': PermissionError(13, 'Access is denied.', None, 5)
2025-05-16 11:17:04 - gui\uis\main_window\mainwindow.py[line:1435] - ERROR - could not open port 'COM24': PermissionError(13, 'Access is denied.', None, 5)
2025-05-16 11:30:08 - gui\uis\main_window\mainwindow.py[line:1669] - ERROR - ClearCommError failed (OSError(9, 'The handle is invalid.', None, 6))
2025-05-16 11:30:11 - gui\uis\main_window\mainwindow.py[line:1435] - ERROR - could not open port 'COM10': PermissionError(13, 'A device attached to the system is not functioning.', None, 31)
2025-05-16 11:41:45 - gui\uis\main_window\mainwindow.py[line:1435] - ERROR - could not open port 'COM10': PermissionError(13, 'A device attached to the system is not functioning.', None, 31)
2025-05-16 11:41:48 - gui\uis\main_window\mainwindow.py[line:1435] - ERROR - could not open port 'COM10': PermissionError(13, 'A device attached to the system is not functioning.', None, 31)
2025-05-16 11:41:59 - gui\uis\main_window\mainwindow.py[line:1435] - ERROR - could not open port 'COM10': PermissionError(13, 'A device attached to the system is not functioning.', None, 31)
2025-05-16 11:42:34 - gui\uis\main_window\mainwindow.py[line:1435] - ERROR - could not open port 'COM10': PermissionError(13, 'A device attached to the system is not functioning.', None, 31)
2025-05-20 12:22:31 - gui\uis\main_window\mainwindow.py[line:1435] - ERROR - could not open port 'COM10': PermissionError(13, 'Access is denied.', None, 5)
2025-05-20 12:23:04 - gui\uis\main_window\mainwindow.py[line:1435] - ERROR - could not open port 'COM10': PermissionError(13, 'A device attached to the system is not functioning.', None, 31)
2025-05-20 12:23:08 - gui\uis\main_window\mainwindow.py[line:1435] - ERROR - could not open port 'COM10': PermissionError(13, 'A device attached to the system is not functioning.', None, 31)
2025-05-20 12:23:25 - gui\uis\main_window\mainwindow.py[line:1435] - ERROR - could not open port 'COM10': PermissionError(13, 'A device attached to the system is not functioning.', None, 31)
2025-05-20 12:23:43 - gui\uis\main_window\mainwindow.py[line:1435] - ERROR - could not open port 'COM10': PermissionError(13, 'A device attached to the system is not functioning.', None, 31)
2025-05-20 12:23:46 - gui\uis\main_window\mainwindow.py[line:1435] - ERROR - could not open port 'COM10': PermissionError(13, 'A device attached to the system is not functioning.', None, 31)
2025-05-20 12:24:06 - gui\uis\main_window\mainwindow.py[line:1435] - ERROR - could not open port 'COM10': PermissionError(13, 'A device attached to the system is not functioning.', None, 31)
2025-05-20 12:24:27 - gui\uis\main_window\mainwindow.py[line:1435] - ERROR - could not open port 'COM10': PermissionError(13, 'A device attached to the system is not functioning.', None, 31)
2025-05-20 12:26:38 - gui\uis\main_window\mainwindow.py[line:1435] - ERROR - could not open port 'COM24': PermissionError(13, 'Access is denied.', None, 5)
2025-05-20 12:26:40 - gui\uis\main_window\mainwindow.py[line:1435] - ERROR - could not open port 'COM24': PermissionError(13, 'Access is denied.', None, 5)
2025-05-20 12:28:12 - gui\uis\main_window\mainwindow.py[line:1435] - ERROR - could not open port 'COM10': PermissionError(13, 'A device attached to the system is not functioning.', None, 31)
2025-05-20 12:28:15 - gui\uis\main_window\mainwindow.py[line:1435] - ERROR - could not open port 'COM10': PermissionError(13, 'A device attached to the system is not functioning.', None, 31)
2025-05-20 12:30:10 - gui\uis\main_window\mainwindow.py[line:1435] - ERROR - could not open port 'COM10': FileNotFoundError(2, 'The system cannot find the file specified.', None, 2)
2025-05-20 12:30:12 - gui\uis\main_window\mainwindow.py[line:1435] - ERROR - could not open port 'COM10': FileNotFoundError(2, 'The system cannot find the file specified.', None, 2)
2025-05-20 12:30:20 - gui\uis\main_window\mainwindow.py[line:1435] - ERROR - could not open port 'COM10': FileNotFoundError(2, 'The system cannot find the file specified.', None, 2)
2025-05-20 12:30:22 - gui\uis\main_window\mainwindow.py[line:1435] - ERROR - could not open port 'COM10': FileNotFoundError(2, 'The system cannot find the file specified.', None, 2)
2025-05-20 12:30:31 - gui\uis\main_window\mainwindow.py[line:1435] - ERROR - could not open port 'COM10': FileNotFoundError(2, 'The system cannot find the file specified.', None, 2)
2025-05-20 12:30:33 - gui\uis\main_window\mainwindow.py[line:1435] - ERROR - could not open port 'COM10': FileNotFoundError(2, 'The system cannot find the file specified.', None, 2)
2025-05-20 12:30:37 - gui\uis\main_window\mainwindow.py[line:1435] - ERROR - could not open port 'COM10': FileNotFoundError(2, 'The system cannot find the file specified.', None, 2)
2025-05-20 12:31:48 - gui\uis\main_window\mainwindow.py[line:1435] - ERROR - could not open port 'COM10': FileNotFoundError(2, 'The system cannot find the file specified.', None, 2)
2025-05-20 12:31:58 - gui\uis\main_window\mainwindow.py[line:1435] - ERROR - could not open port 'COM10': FileNotFoundError(2, 'The system cannot find the file specified.', None, 2)
2025-05-20 12:32:01 - gui\uis\main_window\mainwindow.py[line:1435] - ERROR - could not open port 'COM10': FileNotFoundError(2, 'The system cannot find the file specified.', None, 2)
2025-05-22 10:47:12 - gui\uis\main_window\mainwindow.py[line:1435] - ERROR - could not open port 'COM10': PermissionError(13, 'Access is denied.', None, 5)
2025-05-22 10:47:39 - gui\uis\main_window\mainwindow.py[line:1435] - ERROR - could not open port 'COM10': PermissionError(13, 'A device attached to the system is not functioning.', None, 31)
2025-05-22 10:47:50 - gui\uis\main_window\mainwindow.py[line:1435] - ERROR - could not open port 'COM10': PermissionError(13, 'A device attached to the system is not functioning.', None, 31)
2025-05-22 10:53:02 - gui\uis\main_window\mainwindow.py[line:1435] - ERROR - could not open port 'COM10': FileNotFoundError(2, 'The system cannot find the file specified.', None, 2)
2025-05-22 10:53:04 - gui\uis\main_window\mainwindow.py[line:1435] - ERROR - could not open port 'COM10': FileNotFoundError(2, 'The system cannot find the file specified.', None, 2)
2025-05-22 10:53:06 - gui\uis\main_window\mainwindow.py[line:1435] - ERROR - could not open port 'COM10': FileNotFoundError(2, 'The system cannot find the file specified.', None, 2)
2025-06-13 09:39:13 - gui\uis\main_window\mainwindow.py[line:1435] - ERROR - could not open port 'COM10': PermissionError(13, 'Access is denied.', None, 5)
2025-06-13 09:39:17 - gui\uis\main_window\mainwindow.py[line:1435] - ERROR - could not open port 'COM10': PermissionError(13, 'Access is denied.', None, 5)
2025-06-13 09:39:19 - gui\uis\main_window\mainwindow.py[line:1435] - ERROR - could not open port 'COM10': PermissionError(13, 'Access is denied.', None, 5)
2025-06-13 09:39:33 - gui\uis\main_window\mainwindow.py[line:1435] - ERROR - could not open port 'COM10': PermissionError(13, 'Access is denied.', None, 5)
2025-06-13 09:39:35 - gui\uis\main_window\mainwindow.py[line:1435] - ERROR - could not open port 'COM10': PermissionError(13, 'Access is denied.', None, 5)
2025-06-13 09:39:42 - gui\uis\main_window\mainwindow.py[line:1435] - ERROR - could not open port 'COM10': PermissionError(13, 'Access is denied.', None, 5)
2025-06-13 09:40:14 - gui\uis\main_window\mainwindow.py[line:1435] - ERROR - could not open port 'COM10': PermissionError(13, 'Access is denied.', None, 5)
2025-06-13 09:40:19 - gui\uis\main_window\mainwindow.py[line:1435] - ERROR - could not open port 'COM10': PermissionError(13, 'Access is denied.', None, 5)
2025-06-13 09:40:21 - gui\uis\main_window\mainwindow.py[line:1435] - ERROR - could not open port 'COM10': PermissionError(13, 'Access is denied.', None, 5)
2025-06-13 09:40:23 - gui\uis\main_window\mainwindow.py[line:1435] - ERROR - could not open port 'COM10': PermissionError(13, 'Access is denied.', None, 5)
2025-06-13 09:40:28 - gui\uis\main_window\mainwindow.py[line:1435] - ERROR - could not open port 'COM10': PermissionError(13, 'Access is denied.', None, 5)
2025-06-13 09:41:25 - gui\uis\main_window\mainwindow.py[line:1435] - ERROR - could not open port 'COM10': PermissionError(13, 'Access is denied.', None, 5)
2025-06-13 09:41:31 - gui\uis\main_window\mainwindow.py[line:1435] - ERROR - could not open port 'COM10': PermissionError(13, 'Access is denied.', None, 5)
2025-06-13 09:41:59 - gui\uis\main_window\mainwindow.py[line:1435] - ERROR - could not open port 'COM10': PermissionError(13, 'Access is denied.', None, 5)
2025-06-13 09:42:06 - gui\uis\main_window\mainwindow.py[line:1435] - ERROR - could not open port 'COM10': PermissionError(13, 'Access is denied.', None, 5)
2025-06-13 09:42:08 - gui\uis\main_window\mainwindow.py[line:1435] - ERROR - could not open port 'COM10': PermissionError(13, 'Access is denied.', None, 5)
2025-06-13 09:42:30 - gui\uis\main_window\mainwindow.py[line:1435] - ERROR - could not open port 'COM10': PermissionError(13, 'Access is denied.', None, 5)
2025-06-13 09:42:32 - gui\uis\main_window\mainwindow.py[line:1435] - ERROR - could not open port 'COM10': PermissionError(13, 'Access is denied.', None, 5)
2025-06-13 09:42:36 - gui\uis\main_window\mainwindow.py[line:1435] - ERROR - could not open port 'COM10': PermissionError(13, 'Access is denied.', None, 5)
2025-06-13 09:42:55 - gui\uis\main_window\mainwindow.py[line:1435] - ERROR - could not open port 'COM10': PermissionError(13, 'Access is denied.', None, 5)
2025-06-13 09:42:57 - gui\uis\main_window\mainwindow.py[line:1435] - ERROR - could not open port 'COM10': PermissionError(13, 'Access is denied.', None, 5)
2025-06-13 09:42:59 - gui\uis\main_window\mainwindow.py[line:1435] - ERROR - could not open port 'COM10': PermissionError(13, 'Access is denied.', None, 5)
2025-06-13 09:43:03 - gui\uis\main_window\mainwindow.py[line:1435] - ERROR - could not open port 'COM10': PermissionError(13, 'Access is denied.', None, 5)
2025-06-13 09:43:50 - gui\uis\main_window\mainwindow.py[line:1435] - ERROR - could not open port 'COM10': PermissionError(13, 'Access is denied.', None, 5)
2025-06-13 09:46:19 - gui\uis\main_window\mainwindow.py[line:1435] - ERROR - could not open port 'COM10': PermissionError(13, 'Access is denied.', None, 5)
2025-06-13 09:46:30 - gui\uis\main_window\mainwindow.py[line:1435] - ERROR - could not open port 'COM10': PermissionError(13, 'Access is denied.', None, 5)
2025-06-13 09:46:32 - gui\uis\main_window\mainwindow.py[line:1435] - ERROR - could not open port 'COM10': PermissionError(13, 'Access is denied.', None, 5)
2025-06-13 09:47:31 - gui\uis\main_window\mainwindow.py[line:1435] - ERROR - could not open port 'COM10': PermissionError(13, 'Access is denied.', None, 5)
2025-06-13 09:49:16 - gui\uis\main_window\mainwindow.py[line:1435] - ERROR - could not open port 'COM10': PermissionError(13, 'Access is denied.', None, 5)
2025-06-13 09:49:19 - gui\uis\main_window\mainwindow.py[line:1435] - ERROR - could not open port 'COM10': PermissionError(13, 'Access is denied.', None, 5)
2025-06-13 09:49:38 - gui\uis\main_window\mainwindow.py[line:1435] - ERROR - could not open port 'COM10': PermissionError(13, 'Access is denied.', None, 5)
2025-06-13 09:49:39 - gui\uis\main_window\mainwindow.py[line:1435] - ERROR - could not open port 'COM10': PermissionError(13, 'Access is denied.', None, 5)
2025-06-13 09:49:44 - gui\uis\main_window\mainwindow.py[line:1435] - ERROR - could not open port 'COM10': PermissionError(13, 'Access is denied.', None, 5)
2025-06-13 09:50:04 - gui\uis\main_window\mainwindow.py[line:1435] - ERROR - could not open port 'COM10': PermissionError(13, 'Access is denied.', None, 5)
2025-06-13 09:50:06 - gui\uis\main_window\mainwindow.py[line:1435] - ERROR - could not open port 'COM10': PermissionError(13, 'Access is denied.', None, 5)
2025-06-13 09:50:27 - gui\uis\main_window\mainwindow.py[line:1435] - ERROR - could not open port 'COM10': PermissionError(13, 'Access is denied.', None, 5)
2025-06-13 09:50:29 - gui\uis\main_window\mainwindow.py[line:1435] - ERROR - could not open port 'COM10': PermissionError(13, 'Access is denied.', None, 5)
2025-06-13 09:50:32 - gui\uis\main_window\mainwindow.py[line:1435] - ERROR - could not open port 'COM10': PermissionError(13, 'Access is denied.', None, 5)
2025-06-13 09:50:37 - gui\uis\main_window\mainwindow.py[line:1435] - ERROR - could not open port 'COM10': PermissionError(13, 'Access is denied.', None, 5)
2025-06-13 09:50:39 - gui\uis\main_window\mainwindow.py[line:1435] - ERROR - could not open port 'COM10': PermissionError(13, 'Access is denied.', None, 5)
2025-06-13 10:03:35 - gui\uis\main_window\mainwindow.py[line:1435] - ERROR - could not open port 'COM10': PermissionError(13, 'Access is denied.', None, 5)
2025-06-13 10:03:48 - gui\uis\main_window\mainwindow.py[line:1435] - ERROR - could not open port 'COM10': PermissionError(13, 'Access is denied.', None, 5)
2025-06-13 10:03:51 - gui\uis\main_window\mainwindow.py[line:1435] - ERROR - could not open port 'COM10': PermissionError(13, 'Access is denied.', None, 5)
2025-06-13 10:03:57 - gui\uis\main_window\mainwindow.py[line:1435] - ERROR - could not open port 'COM10': PermissionError(13, 'Access is denied.', None, 5)
2025-06-13 10:03:59 - gui\uis\main_window\mainwindow.py[line:1435] - ERROR - could not open port 'COM10': PermissionError(13, 'Access is denied.', None, 5)
2025-06-13 10:04:20 - gui\uis\main_window\mainwindow.py[line:1435] - ERROR - could not open port 'COM10': PermissionError(13, 'Access is denied.', None, 5)
2025-06-13 10:04:23 - gui\uis\main_window\mainwindow.py[line:1435] - ERROR - could not open port 'COM10': PermissionError(13, 'Access is denied.', None, 5)
2025-06-13 10:04:26 - gui\uis\main_window\mainwindow.py[line:1435] - ERROR - could not open port 'COM10': PermissionError(13, 'Access is denied.', None, 5)
2025-06-13 10:04:45 - gui\uis\main_window\mainwindow.py[line:1435] - ERROR - could not open port 'COM10': FileNotFoundError(2, 'The system cannot find the file specified.', None, 2)
2025-06-13 10:04:48 - gui\uis\main_window\mainwindow.py[line:1435] - ERROR - could not open port 'COM10': FileNotFoundError(2, 'The system cannot find the file specified.', None, 2)
2025-06-13 10:04:57 - gui\uis\main_window\mainwindow.py[line:1435] - ERROR - could not open port 'COM10': FileNotFoundError(2, 'The system cannot find the file specified.', None, 2)
2025-06-13 10:05:02 - gui\uis\main_window\mainwindow.py[line:1435] - ERROR - could not open port 'COM10': FileNotFoundError(2, 'The system cannot find the file specified.', None, 2)
2025-06-13 10:05:18 - gui\uis\main_window\mainwindow.py[line:1435] - ERROR - could not open port 'COM10': PermissionError(13, 'Access is denied.', None, 5)
2025-06-13 10:05:25 - gui\uis\main_window\mainwindow.py[line:1435] - ERROR - could not open port 'COM10': PermissionError(13, 'Access is denied.', None, 5)
2025-06-13 10:05:45 - gui\uis\main_window\mainwindow.py[line:1435] - ERROR - could not open port 'COM10': PermissionError(13, 'Access is denied.', None, 5)
2025-06-13 10:05:49 - gui\uis\main_window\mainwindow.py[line:1435] - ERROR - could not open port 'COM10': PermissionError(13, 'Access is denied.', None, 5)
2025-06-13 10:05:50 - gui\uis\main_window\mainwindow.py[line:1435] - ERROR - could not open port 'COM10': PermissionError(13, 'Access is denied.', None, 5)
2025-06-13 10:05:57 - gui\uis\main_window\mainwindow.py[line:1435] - ERROR - could not open port 'COM10': PermissionError(13, 'Access is denied.', None, 5)
2025-06-13 10:06:01 - gui\uis\main_window\mainwindow.py[line:1435] - ERROR - could not open port 'COM10': PermissionError(13, 'Access is denied.', None, 5)
2025-06-13 10:06:05 - gui\uis\main_window\mainwindow.py[line:1435] - ERROR - could not open port 'COM10': PermissionError(13, 'Access is denied.', None, 5)
2025-06-13 10:08:28 - beacon\chip.py[line:518] - ERROR - eFuse 27 write 0203, read back 0000
2025-06-20 09:52:55 - gui\uis\main_window\mainwindow.py[line:1435] - ERROR - could not open port 'COM10': PermissionError(13, 'Access is denied.', None, 5)
