2025-05-16 09:04:00 - gui\uis\main_window\mainwindow.py[line:1442] - INFO - uart rate 115200.0
2025-05-16 09:04:27 - gui\uis\main_window\mainwindow.py[line:1442] - INFO - uart rate 115200.0
2025-05-16 09:04:31 - gui\uis\main_window\mainwindow.py[line:1442] - INFO - uart rate 115200.0
2025-05-16 09:09:17 - gui\uis\main_window\mainwindow.py[line:1442] - INFO - uart rate 114537.4449339207
2025-05-16 09:20:33 - gui\uis\main_window\mainwindow.py[line:1442] - INFO - uart rate 115200.0
2025-05-16 09:20:51 - gui\uis\main_window\mainwindow.py[line:1442] - INFO - uart rate 115200.0
2025-05-16 09:21:30 - gui\uis\main_window\mainwindow.py[line:1442] - INFO - uart rate 115044.24778761061
2025-05-16 09:23:27 - gui\uis\main_window\mainwindow.py[line:1435] - ERROR - could not open port 'COM24': PermissionError(13, 'Access is denied.', None, 5)
2025-05-16 09:23:32 - gui\uis\main_window\mainwindow.py[line:1442] - INFO - uart rate 115044.24778761061
2025-05-16 09:25:55 - gui\uis\main_window\mainwindow.py[line:1442] - INFO - uart rate 115044.24778761061
2025-05-16 09:27:27 - gui\uis\main_window\mainwindow.py[line:1442] - INFO - uart rate 115200.0
2025-05-16 09:27:34 - gui\uis\main_window\mainwindow.py[line:1442] - INFO - uart rate 115044.24778761061
2025-05-16 09:31:14 - gui\uis\main_window\mainwindow.py[line:1442] - INFO - uart rate 115044.24778761061
2025-05-16 09:34:35 - gui\uis\main_window\mainwindow.py[line:1442] - INFO - uart rate 115044.24778761061
2025-05-16 09:36:39 - gui\uis\main_window\mainwindow.py[line:1442] - INFO - uart rate 115044.24778761061
2025-05-16 09:39:48 - gui\uis\main_window\mainwindow.py[line:1442] - INFO - uart rate 115044.24778761061
2025-05-16 09:44:48 - gui\uis\main_window\mainwindow.py[line:1442] - INFO - uart rate 114537.4449339207
2025-05-16 09:46:21 - gui\uis\main_window\mainwindow.py[line:1442] - INFO - uart rate 115044.24778761061
2025-05-16 09:47:52 - gui\uis\main_window\mainwindow.py[line:1442] - INFO - uart rate 115044.24778761061
2025-05-16 09:48:45 - gui\uis\main_window\mainwindow.py[line:1442] - INFO - uart rate 115200.0
2025-05-16 09:48:51 - gui\uis\main_window\mainwindow.py[line:1442] - INFO - uart rate 115044.24778761061
2025-05-16 09:50:02 - gui\uis\main_window\mainwindow.py[line:1435] - ERROR - could not open port 'COM24': PermissionError(13, 'Access is denied.', None, 5)
2025-05-16 09:50:05 - gui\uis\main_window\mainwindow.py[line:1442] - INFO - uart rate 115044.24778761061
2025-05-16 09:52:32 - gui\uis\main_window\mainwindow.py[line:1442] - INFO - uart rate 114537.4449339207
2025-05-16 09:53:25 - gui\uis\main_window\mainwindow.py[line:1442] - INFO - uart rate 115200.0
2025-05-16 09:53:31 - gui\uis\main_window\mainwindow.py[line:1442] - INFO - uart rate 115200.0
2025-05-16 09:54:53 - gui\uis\main_window\mainwindow.py[line:1442] - INFO - uart rate 115200.0
2025-05-16 09:55:15 - gui\uis\main_window\mainwindow.py[line:1442] - INFO - uart rate 115200.0
2025-05-16 09:56:52 - gui\uis\main_window\mainwindow.py[line:1442] - INFO - uart rate 115200.0
2025-05-16 09:57:01 - gui\uis\main_window\mainwindow.py[line:1442] - INFO - uart rate 115200.0
2025-05-16 09:57:05 - gui\uis\main_window\mainwindow.py[line:1442] - INFO - uart rate 115200.0
2025-05-16 09:57:20 - gui\uis\main_window\mainwindow.py[line:1442] - INFO - uart rate 115200.0
2025-05-16 09:57:46 - gui\uis\main_window\mainwindow.py[line:1442] - INFO - uart rate 115200.0
2025-05-16 09:58:00 - gui\uis\main_window\mainwindow.py[line:1442] - INFO - uart rate 115200.0
2025-05-16 10:00:20 - gui\uis\main_window\mainwindow.py[line:1442] - INFO - uart rate 115200.0
2025-05-16 10:00:25 - gui\uis\main_window\mainwindow.py[line:1442] - INFO - uart rate 115200.0
2025-05-16 10:01:55 - gui\uis\main_window\mainwindow.py[line:1442] - INFO - uart rate 115200.0
2025-05-16 10:02:07 - gui\uis\main_window\mainwindow.py[line:1442] - INFO - uart rate 115200.0
2025-05-16 10:04:29 - gui\uis\main_window\mainwindow.py[line:1442] - INFO - uart rate 115044.24778761061
2025-05-16 10:07:52 - gui\uis\main_window\mainwindow.py[line:1442] - INFO - uart rate 115200.0
2025-05-16 10:08:25 - gui\uis\main_window\mainwindow.py[line:1442] - INFO - uart rate 115200.0
2025-05-16 10:09:10 - gui\uis\main_window\mainwindow.py[line:1442] - INFO - uart rate 115200.0
2025-05-16 10:09:28 - gui\uis\main_window\mainwindow.py[line:1442] - INFO - uart rate 115200.0
2025-05-16 10:09:39 - gui\uis\main_window\mainwindow.py[line:1442] - INFO - uart rate 115200.0
2025-05-16 10:09:53 - gui\uis\main_window\mainwindow.py[line:1442] - INFO - uart rate 115200.0
2025-05-16 10:10:14 - gui\uis\main_window\mainwindow.py[line:1442] - INFO - uart rate 115200.0
2025-05-16 10:10:58 - gui\uis\main_window\mainwindow.py[line:1442] - INFO - uart rate 115200.0
2025-05-16 10:11:11 - gui\uis\main_window\mainwindow.py[line:1442] - INFO - uart rate 115200.0
2025-05-16 10:11:33 - gui\uis\main_window\mainwindow.py[line:1442] - INFO - uart rate 115200.0
2025-05-16 10:11:47 - gui\uis\main_window\mainwindow.py[line:1442] - INFO - uart rate 115200.0
2025-05-16 10:12:16 - gui\uis\main_window\mainwindow.py[line:1442] - INFO - uart rate 115200.0
2025-05-16 10:13:14 - gui\uis\main_window\mainwindow.py[line:1442] - INFO - uart rate 115200.0
2025-05-16 10:13:28 - gui\uis\main_window\mainwindow.py[line:1442] - INFO - uart rate 115044.24778761061
2025-05-16 10:14:06 - gui\uis\main_window\mainwindow.py[line:1442] - INFO - uart rate 115200.0
2025-05-16 10:14:17 - gui\uis\main_window\mainwindow.py[line:1442] - INFO - uart rate 115200.0
2025-05-16 10:14:42 - gui\uis\main_window\mainwindow.py[line:1435] - ERROR - could not open port 'COM10': PermissionError(13, 'A device attached to the system is not functioning.', None, 31)
2025-05-16 10:14:46 - gui\uis\main_window\mainwindow.py[line:1435] - ERROR - could not open port 'COM10': PermissionError(13, 'A device attached to the system is not functioning.', None, 31)
2025-05-16 10:14:51 - gui\uis\main_window\mainwindow.py[line:1435] - ERROR - could not open port 'COM10': PermissionError(13, 'A device attached to the system is not functioning.', None, 31)
2025-05-16 10:15:09 - gui\uis\main_window\mainwindow.py[line:1442] - INFO - uart rate 115555.55555555556
2025-05-16 10:17:17 - gui\uis\main_window\mainwindow.py[line:1442] - INFO - uart rate 115200.0
2025-05-16 10:17:42 - gui\uis\main_window\mainwindow.py[line:1442] - INFO - uart rate 115200.0
2025-05-16 10:18:40 - gui\uis\main_window\mainwindow.py[line:1442] - INFO - uart rate 115200.0
2025-05-16 10:19:18 - gui\uis\main_window\mainwindow.py[line:1442] - INFO - uart rate 115200.0
2025-05-16 10:21:36 - gui\uis\main_window\mainwindow.py[line:1442] - INFO - uart rate 114537.4449339207
2025-05-16 10:56:43 - gui\uis\main_window\mainwindow.py[line:1442] - INFO - uart rate 115200.0
2025-05-16 10:56:59 - gui\uis\main_window\mainwindow.py[line:1442] - INFO - uart rate 115200.0
2025-05-16 10:57:54 - gui\uis\main_window\mainwindow.py[line:1442] - INFO - uart rate 115200.0
2025-05-16 10:57:59 - gui\uis\main_window\mainwindow.py[line:1442] - INFO - uart rate 115200.0
2025-05-16 10:58:31 - gui\uis\main_window\mainwindow.py[line:1442] - INFO - uart rate 115200.0
2025-05-16 10:58:43 - gui\uis\main_window\mainwindow.py[line:1442] - INFO - uart rate 115200.0
2025-05-16 10:58:48 - gui\uis\main_window\mainwindow.py[line:1442] - INFO - uart rate 115200.0
2025-05-16 10:59:01 - gui\uis\main_window\mainwindow.py[line:1442] - INFO - uart rate 115200.0
2025-05-16 10:59:24 - gui\uis\main_window\mainwindow.py[line:1442] - INFO - uart rate 115200.0
2025-05-16 10:59:30 - gui\uis\main_window\mainwindow.py[line:1442] - INFO - uart rate 115200.0
2025-05-16 10:59:35 - gui\uis\main_window\mainwindow.py[line:1442] - INFO - uart rate 115200.0
2025-05-16 10:59:56 - gui\uis\main_window\mainwindow.py[line:1442] - INFO - uart rate 115200.0
2025-05-16 11:01:10 - gui\uis\main_window\mainwindow.py[line:1442] - INFO - uart rate 115044.24778761061
2025-05-16 11:17:02 - gui\uis\main_window\mainwindow.py[line:1435] - ERROR - could not open port 'COM24': PermissionError(13, 'Access is denied.', None, 5)
2025-05-16 11:17:04 - gui\uis\main_window\mainwindow.py[line:1435] - ERROR - could not open port 'COM24': PermissionError(13, 'Access is denied.', None, 5)
2025-05-16 11:17:18 - gui\uis\main_window\mainwindow.py[line:1442] - INFO - uart rate 114537.4449339207
2025-05-16 11:17:38 - gui\uis\main_window\mainwindow.py[line:1442] - INFO - uart rate 115044.24778761061
2025-05-16 11:27:25 - gui\uis\main_window\mainwindow.py[line:1442] - INFO - uart rate 115044.24778761061
2025-05-16 11:29:44 - gui\uis\main_window\mainwindow.py[line:1442] - INFO - uart rate 115200.0
2025-05-16 11:29:53 - gui\uis\main_window\mainwindow.py[line:1442] - INFO - uart rate 114537.4449339207
2025-05-16 11:30:08 - gui\uis\main_window\mainwindow.py[line:1669] - ERROR - ClearCommError failed (OSError(9, 'The handle is invalid.', None, 6))
2025-05-16 11:30:11 - gui\uis\main_window\mainwindow.py[line:1435] - ERROR - could not open port 'COM10': PermissionError(13, 'A device attached to the system is not functioning.', None, 31)
2025-05-16 11:30:26 - gui\uis\main_window\mainwindow.py[line:1442] - INFO - uart rate 115044.24778761061
2025-05-16 11:37:48 - gui\uis\main_window\mainwindow.py[line:1442] - INFO - uart rate 115200.0
2025-05-16 11:37:54 - gui\uis\main_window\mainwindow.py[line:1442] - INFO - uart rate 115200.0
2025-05-16 11:38:01 - gui\uis\main_window\mainwindow.py[line:1442] - INFO - uart rate 115200.0
2025-05-16 11:38:56 - gui\uis\main_window\mainwindow.py[line:1442] - INFO - uart rate 115044.24778761061
2025-05-16 11:40:52 - gui\uis\main_window\mainwindow.py[line:1442] - INFO - uart rate 115200.0
2025-05-16 11:40:56 - gui\uis\main_window\mainwindow.py[line:1442] - INFO - uart rate 115200.0
2025-05-16 11:41:01 - gui\uis\main_window\mainwindow.py[line:1442] - INFO - uart rate 115200.0
2025-05-16 11:41:06 - gui\uis\main_window\mainwindow.py[line:1442] - INFO - uart rate 115200.0
2025-05-16 11:41:45 - gui\uis\main_window\mainwindow.py[line:1435] - ERROR - could not open port 'COM10': PermissionError(13, 'A device attached to the system is not functioning.', None, 31)
2025-05-16 11:41:48 - gui\uis\main_window\mainwindow.py[line:1435] - ERROR - could not open port 'COM10': PermissionError(13, 'A device attached to the system is not functioning.', None, 31)
2025-05-16 11:41:59 - gui\uis\main_window\mainwindow.py[line:1435] - ERROR - could not open port 'COM10': PermissionError(13, 'A device attached to the system is not functioning.', None, 31)
2025-05-16 11:42:34 - gui\uis\main_window\mainwindow.py[line:1435] - ERROR - could not open port 'COM10': PermissionError(13, 'A device attached to the system is not functioning.', None, 31)
2025-05-16 11:42:39 - gui\uis\main_window\mainwindow.py[line:1442] - INFO - uart rate 115044.24778761061
2025-05-16 11:46:28 - gui\uis\main_window\mainwindow.py[line:1442] - INFO - uart rate 115555.55555555556
2025-05-20 12:22:31 - gui\uis\main_window\mainwindow.py[line:1435] - ERROR - could not open port 'COM10': PermissionError(13, 'Access is denied.', None, 5)
2025-05-20 12:22:53 - gui\uis\main_window\mainwindow.py[line:1442] - INFO - uart rate 115200.0
2025-05-20 12:23:04 - gui\uis\main_window\mainwindow.py[line:1435] - ERROR - could not open port 'COM10': PermissionError(13, 'A device attached to the system is not functioning.', None, 31)
2025-05-20 12:23:08 - gui\uis\main_window\mainwindow.py[line:1435] - ERROR - could not open port 'COM10': PermissionError(13, 'A device attached to the system is not functioning.', None, 31)
2025-05-20 12:23:25 - gui\uis\main_window\mainwindow.py[line:1435] - ERROR - could not open port 'COM10': PermissionError(13, 'A device attached to the system is not functioning.', None, 31)
2025-05-20 12:23:43 - gui\uis\main_window\mainwindow.py[line:1435] - ERROR - could not open port 'COM10': PermissionError(13, 'A device attached to the system is not functioning.', None, 31)
2025-05-20 12:23:46 - gui\uis\main_window\mainwindow.py[line:1435] - ERROR - could not open port 'COM10': PermissionError(13, 'A device attached to the system is not functioning.', None, 31)
2025-05-20 12:24:06 - gui\uis\main_window\mainwindow.py[line:1435] - ERROR - could not open port 'COM10': PermissionError(13, 'A device attached to the system is not functioning.', None, 31)
2025-05-20 12:24:27 - gui\uis\main_window\mainwindow.py[line:1435] - ERROR - could not open port 'COM10': PermissionError(13, 'A device attached to the system is not functioning.', None, 31)
2025-05-20 12:24:34 - gui\uis\main_window\mainwindow.py[line:1442] - INFO - uart rate 115044.24778761061
2025-05-20 12:26:38 - gui\uis\main_window\mainwindow.py[line:1435] - ERROR - could not open port 'COM24': PermissionError(13, 'Access is denied.', None, 5)
2025-05-20 12:26:40 - gui\uis\main_window\mainwindow.py[line:1435] - ERROR - could not open port 'COM24': PermissionError(13, 'Access is denied.', None, 5)
2025-05-20 12:26:44 - gui\uis\main_window\mainwindow.py[line:1442] - INFO - uart rate 115200.0
2025-05-20 12:26:51 - gui\uis\main_window\mainwindow.py[line:1442] - INFO - uart rate 115555.55555555556
2025-05-20 12:28:12 - gui\uis\main_window\mainwindow.py[line:1435] - ERROR - could not open port 'COM10': PermissionError(13, 'A device attached to the system is not functioning.', None, 31)
2025-05-20 12:28:15 - gui\uis\main_window\mainwindow.py[line:1435] - ERROR - could not open port 'COM10': PermissionError(13, 'A device attached to the system is not functioning.', None, 31)
2025-05-20 12:28:23 - gui\uis\main_window\mainwindow.py[line:1442] - INFO - uart rate 115200.0
2025-05-20 12:28:27 - gui\uis\main_window\mainwindow.py[line:1442] - INFO - uart rate 115200.0
2025-05-20 12:28:38 - gui\uis\main_window\mainwindow.py[line:1442] - INFO - uart rate 115200.0
2025-05-20 12:28:49 - gui\uis\main_window\mainwindow.py[line:1442] - INFO - uart rate 115555.55555555556
2025-05-20 12:30:10 - gui\uis\main_window\mainwindow.py[line:1435] - ERROR - could not open port 'COM10': FileNotFoundError(2, 'The system cannot find the file specified.', None, 2)
2025-05-20 12:30:12 - gui\uis\main_window\mainwindow.py[line:1435] - ERROR - could not open port 'COM10': FileNotFoundError(2, 'The system cannot find the file specified.', None, 2)
2025-05-20 12:30:20 - gui\uis\main_window\mainwindow.py[line:1435] - ERROR - could not open port 'COM10': FileNotFoundError(2, 'The system cannot find the file specified.', None, 2)
2025-05-20 12:30:22 - gui\uis\main_window\mainwindow.py[line:1435] - ERROR - could not open port 'COM10': FileNotFoundError(2, 'The system cannot find the file specified.', None, 2)
2025-05-20 12:30:31 - gui\uis\main_window\mainwindow.py[line:1435] - ERROR - could not open port 'COM10': FileNotFoundError(2, 'The system cannot find the file specified.', None, 2)
2025-05-20 12:30:33 - gui\uis\main_window\mainwindow.py[line:1435] - ERROR - could not open port 'COM10': FileNotFoundError(2, 'The system cannot find the file specified.', None, 2)
2025-05-20 12:30:37 - gui\uis\main_window\mainwindow.py[line:1435] - ERROR - could not open port 'COM10': FileNotFoundError(2, 'The system cannot find the file specified.', None, 2)
2025-05-20 12:30:53 - gui\uis\main_window\mainwindow.py[line:1442] - INFO - uart rate 115044.24778761061
2025-05-20 12:31:48 - gui\uis\main_window\mainwindow.py[line:1435] - ERROR - could not open port 'COM10': FileNotFoundError(2, 'The system cannot find the file specified.', None, 2)
2025-05-20 12:31:58 - gui\uis\main_window\mainwindow.py[line:1435] - ERROR - could not open port 'COM10': FileNotFoundError(2, 'The system cannot find the file specified.', None, 2)
2025-05-20 12:32:01 - gui\uis\main_window\mainwindow.py[line:1435] - ERROR - could not open port 'COM10': FileNotFoundError(2, 'The system cannot find the file specified.', None, 2)
2025-05-20 12:32:14 - gui\uis\main_window\mainwindow.py[line:1442] - INFO - uart rate 115200.0
2025-05-20 12:32:20 - gui\uis\main_window\mainwindow.py[line:1442] - INFO - uart rate 115200.0
2025-05-20 12:32:24 - gui\uis\main_window\mainwindow.py[line:1442] - INFO - uart rate 115200.0
2025-05-20 12:32:34 - gui\uis\main_window\mainwindow.py[line:1442] - INFO - uart rate 115200.0
2025-05-20 12:32:42 - gui\uis\main_window\mainwindow.py[line:1442] - INFO - uart rate 115200.0
2025-05-20 12:32:50 - gui\uis\main_window\mainwindow.py[line:1442] - INFO - uart rate 115200.0
2025-05-20 12:32:56 - gui\uis\main_window\mainwindow.py[line:1442] - INFO - uart rate 115200.0
2025-05-20 12:33:11 - gui\uis\main_window\mainwindow.py[line:1442] - INFO - uart rate 115200.0
2025-05-20 12:33:21 - gui\uis\main_window\mainwindow.py[line:1442] - INFO - uart rate 115200.0
2025-05-20 12:33:28 - gui\uis\main_window\mainwindow.py[line:1442] - INFO - uart rate 115200.0
2025-05-20 12:33:37 - gui\uis\main_window\mainwindow.py[line:1442] - INFO - uart rate 115200.0
2025-05-20 12:33:53 - gui\uis\main_window\mainwindow.py[line:1442] - INFO - uart rate 115555.55555555556
2025-05-22 10:45:38 - gui\uis\main_window\mainwindow.py[line:1442] - INFO - uart rate 115200.0
2025-05-22 10:45:43 - gui\uis\main_window\mainwindow.py[line:1442] - INFO - uart rate 115200.0
2025-05-22 10:46:00 - gui\uis\main_window\mainwindow.py[line:1442] - INFO - uart rate 115200.0
2025-05-22 10:46:04 - gui\uis\main_window\mainwindow.py[line:1442] - INFO - uart rate 115200.0
2025-05-22 10:46:12 - gui\uis\main_window\mainwindow.py[line:1442] - INFO - uart rate 115200.0
2025-05-22 10:46:27 - gui\uis\main_window\mainwindow.py[line:1442] - INFO - uart rate 115200.0
2025-05-22 10:46:36 - gui\uis\main_window\mainwindow.py[line:1442] - INFO - uart rate 115200.0
2025-05-22 10:46:48 - gui\uis\main_window\mainwindow.py[line:1442] - INFO - uart rate 115200.0
2025-05-22 10:46:52 - gui\uis\main_window\mainwindow.py[line:1442] - INFO - uart rate 115200.0
2025-05-22 10:47:06 - gui\uis\main_window\mainwindow.py[line:1442] - INFO - uart rate 115200.0
2025-05-22 10:47:12 - gui\uis\main_window\mainwindow.py[line:1435] - ERROR - could not open port 'COM10': PermissionError(13, 'Access is denied.', None, 5)
2025-05-22 10:47:33 - gui\uis\main_window\mainwindow.py[line:1442] - INFO - uart rate 115200.0
2025-05-22 10:47:39 - gui\uis\main_window\mainwindow.py[line:1435] - ERROR - could not open port 'COM10': PermissionError(13, 'A device attached to the system is not functioning.', None, 31)
2025-05-22 10:47:50 - gui\uis\main_window\mainwindow.py[line:1435] - ERROR - could not open port 'COM10': PermissionError(13, 'A device attached to the system is not functioning.', None, 31)
2025-05-22 10:47:57 - gui\uis\main_window\mainwindow.py[line:1442] - INFO - uart rate 115044.24778761061
2025-05-22 10:48:32 - gui\uis\main_window\mainwindow.py[line:1442] - INFO - uart rate 115200.0
2025-05-22 10:48:36 - gui\uis\main_window\mainwindow.py[line:1442] - INFO - uart rate 115200.0
2025-05-22 10:48:44 - gui\uis\main_window\mainwindow.py[line:1442] - INFO - uart rate 115200.0
2025-05-22 10:48:57 - gui\uis\main_window\mainwindow.py[line:1442] - INFO - uart rate 115200.0
2025-05-22 10:49:01 - gui\uis\main_window\mainwindow.py[line:1442] - INFO - uart rate 115200.0
2025-05-22 10:49:08 - gui\uis\main_window\mainwindow.py[line:1442] - INFO - uart rate 115200.0
2025-05-22 10:49:14 - gui\uis\main_window\mainwindow.py[line:1442] - INFO - uart rate 115200.0
2025-05-22 10:49:18 - gui\uis\main_window\mainwindow.py[line:1442] - INFO - uart rate 115200.0
2025-05-22 10:49:30 - gui\uis\main_window\mainwindow.py[line:1442] - INFO - uart rate 115044.24778761061
2025-05-22 10:50:09 - gui\uis\main_window\mainwindow.py[line:1442] - INFO - uart rate 115044.24778761061
2025-05-22 10:52:55 - gui\uis\main_window\mainwindow.py[line:1442] - INFO - uart rate 115200.0
2025-05-22 10:53:02 - gui\uis\main_window\mainwindow.py[line:1435] - ERROR - could not open port 'COM10': FileNotFoundError(2, 'The system cannot find the file specified.', None, 2)
2025-05-22 10:53:04 - gui\uis\main_window\mainwindow.py[line:1435] - ERROR - could not open port 'COM10': FileNotFoundError(2, 'The system cannot find the file specified.', None, 2)
2025-05-22 10:53:06 - gui\uis\main_window\mainwindow.py[line:1435] - ERROR - could not open port 'COM10': FileNotFoundError(2, 'The system cannot find the file specified.', None, 2)
2025-05-22 10:53:15 - gui\uis\main_window\mainwindow.py[line:1442] - INFO - uart rate 115044.24778761061
2025-05-22 10:54:35 - gui\uis\main_window\mainwindow.py[line:1442] - INFO - uart rate 115044.24778761061
2025-06-13 09:39:13 - gui\uis\main_window\mainwindow.py[line:1435] - ERROR - could not open port 'COM10': PermissionError(13, 'Access is denied.', None, 5)
2025-06-13 09:39:17 - gui\uis\main_window\mainwindow.py[line:1435] - ERROR - could not open port 'COM10': PermissionError(13, 'Access is denied.', None, 5)
2025-06-13 09:39:19 - gui\uis\main_window\mainwindow.py[line:1435] - ERROR - could not open port 'COM10': PermissionError(13, 'Access is denied.', None, 5)
2025-06-13 09:39:33 - gui\uis\main_window\mainwindow.py[line:1435] - ERROR - could not open port 'COM10': PermissionError(13, 'Access is denied.', None, 5)
2025-06-13 09:39:35 - gui\uis\main_window\mainwindow.py[line:1435] - ERROR - could not open port 'COM10': PermissionError(13, 'Access is denied.', None, 5)
2025-06-13 09:39:42 - gui\uis\main_window\mainwindow.py[line:1435] - ERROR - could not open port 'COM10': PermissionError(13, 'Access is denied.', None, 5)
2025-06-13 09:40:14 - gui\uis\main_window\mainwindow.py[line:1435] - ERROR - could not open port 'COM10': PermissionError(13, 'Access is denied.', None, 5)
2025-06-13 09:40:19 - gui\uis\main_window\mainwindow.py[line:1435] - ERROR - could not open port 'COM10': PermissionError(13, 'Access is denied.', None, 5)
2025-06-13 09:40:21 - gui\uis\main_window\mainwindow.py[line:1435] - ERROR - could not open port 'COM10': PermissionError(13, 'Access is denied.', None, 5)
2025-06-13 09:40:23 - gui\uis\main_window\mainwindow.py[line:1435] - ERROR - could not open port 'COM10': PermissionError(13, 'Access is denied.', None, 5)
2025-06-13 09:40:28 - gui\uis\main_window\mainwindow.py[line:1435] - ERROR - could not open port 'COM10': PermissionError(13, 'Access is denied.', None, 5)
2025-06-13 09:41:25 - gui\uis\main_window\mainwindow.py[line:1435] - ERROR - could not open port 'COM10': PermissionError(13, 'Access is denied.', None, 5)
2025-06-13 09:41:31 - gui\uis\main_window\mainwindow.py[line:1435] - ERROR - could not open port 'COM10': PermissionError(13, 'Access is denied.', None, 5)
2025-06-13 09:41:59 - gui\uis\main_window\mainwindow.py[line:1435] - ERROR - could not open port 'COM10': PermissionError(13, 'Access is denied.', None, 5)
2025-06-13 09:42:06 - gui\uis\main_window\mainwindow.py[line:1435] - ERROR - could not open port 'COM10': PermissionError(13, 'Access is denied.', None, 5)
2025-06-13 09:42:08 - gui\uis\main_window\mainwindow.py[line:1435] - ERROR - could not open port 'COM10': PermissionError(13, 'Access is denied.', None, 5)
2025-06-13 09:42:30 - gui\uis\main_window\mainwindow.py[line:1435] - ERROR - could not open port 'COM10': PermissionError(13, 'Access is denied.', None, 5)
2025-06-13 09:42:32 - gui\uis\main_window\mainwindow.py[line:1435] - ERROR - could not open port 'COM10': PermissionError(13, 'Access is denied.', None, 5)
2025-06-13 09:42:36 - gui\uis\main_window\mainwindow.py[line:1435] - ERROR - could not open port 'COM10': PermissionError(13, 'Access is denied.', None, 5)
2025-06-13 09:42:55 - gui\uis\main_window\mainwindow.py[line:1435] - ERROR - could not open port 'COM10': PermissionError(13, 'Access is denied.', None, 5)
2025-06-13 09:42:57 - gui\uis\main_window\mainwindow.py[line:1435] - ERROR - could not open port 'COM10': PermissionError(13, 'Access is denied.', None, 5)
2025-06-13 09:42:59 - gui\uis\main_window\mainwindow.py[line:1435] - ERROR - could not open port 'COM10': PermissionError(13, 'Access is denied.', None, 5)
2025-06-13 09:43:03 - gui\uis\main_window\mainwindow.py[line:1435] - ERROR - could not open port 'COM10': PermissionError(13, 'Access is denied.', None, 5)
2025-06-13 09:43:50 - gui\uis\main_window\mainwindow.py[line:1435] - ERROR - could not open port 'COM10': PermissionError(13, 'Access is denied.', None, 5)
2025-06-13 09:46:19 - gui\uis\main_window\mainwindow.py[line:1435] - ERROR - could not open port 'COM10': PermissionError(13, 'Access is denied.', None, 5)
2025-06-13 09:46:30 - gui\uis\main_window\mainwindow.py[line:1435] - ERROR - could not open port 'COM10': PermissionError(13, 'Access is denied.', None, 5)
2025-06-13 09:46:32 - gui\uis\main_window\mainwindow.py[line:1435] - ERROR - could not open port 'COM10': PermissionError(13, 'Access is denied.', None, 5)
2025-06-13 09:47:31 - gui\uis\main_window\mainwindow.py[line:1435] - ERROR - could not open port 'COM10': PermissionError(13, 'Access is denied.', None, 5)
2025-06-13 09:49:16 - gui\uis\main_window\mainwindow.py[line:1435] - ERROR - could not open port 'COM10': PermissionError(13, 'Access is denied.', None, 5)
2025-06-13 09:49:19 - gui\uis\main_window\mainwindow.py[line:1435] - ERROR - could not open port 'COM10': PermissionError(13, 'Access is denied.', None, 5)
2025-06-13 09:49:38 - gui\uis\main_window\mainwindow.py[line:1435] - ERROR - could not open port 'COM10': PermissionError(13, 'Access is denied.', None, 5)
2025-06-13 09:49:39 - gui\uis\main_window\mainwindow.py[line:1435] - ERROR - could not open port 'COM10': PermissionError(13, 'Access is denied.', None, 5)
2025-06-13 09:49:44 - gui\uis\main_window\mainwindow.py[line:1435] - ERROR - could not open port 'COM10': PermissionError(13, 'Access is denied.', None, 5)
2025-06-13 09:50:04 - gui\uis\main_window\mainwindow.py[line:1435] - ERROR - could not open port 'COM10': PermissionError(13, 'Access is denied.', None, 5)
2025-06-13 09:50:06 - gui\uis\main_window\mainwindow.py[line:1435] - ERROR - could not open port 'COM10': PermissionError(13, 'Access is denied.', None, 5)
2025-06-13 09:50:27 - gui\uis\main_window\mainwindow.py[line:1435] - ERROR - could not open port 'COM10': PermissionError(13, 'Access is denied.', None, 5)
2025-06-13 09:50:29 - gui\uis\main_window\mainwindow.py[line:1435] - ERROR - could not open port 'COM10': PermissionError(13, 'Access is denied.', None, 5)
2025-06-13 09:50:32 - gui\uis\main_window\mainwindow.py[line:1435] - ERROR - could not open port 'COM10': PermissionError(13, 'Access is denied.', None, 5)
2025-06-13 09:50:37 - gui\uis\main_window\mainwindow.py[line:1435] - ERROR - could not open port 'COM10': PermissionError(13, 'Access is denied.', None, 5)
2025-06-13 09:50:39 - gui\uis\main_window\mainwindow.py[line:1435] - ERROR - could not open port 'COM10': PermissionError(13, 'Access is denied.', None, 5)
2025-06-13 10:03:35 - gui\uis\main_window\mainwindow.py[line:1435] - ERROR - could not open port 'COM10': PermissionError(13, 'Access is denied.', None, 5)
2025-06-13 10:03:48 - gui\uis\main_window\mainwindow.py[line:1435] - ERROR - could not open port 'COM10': PermissionError(13, 'Access is denied.', None, 5)
2025-06-13 10:03:51 - gui\uis\main_window\mainwindow.py[line:1435] - ERROR - could not open port 'COM10': PermissionError(13, 'Access is denied.', None, 5)
2025-06-13 10:03:57 - gui\uis\main_window\mainwindow.py[line:1435] - ERROR - could not open port 'COM10': PermissionError(13, 'Access is denied.', None, 5)
2025-06-13 10:03:59 - gui\uis\main_window\mainwindow.py[line:1435] - ERROR - could not open port 'COM10': PermissionError(13, 'Access is denied.', None, 5)
2025-06-13 10:04:20 - gui\uis\main_window\mainwindow.py[line:1435] - ERROR - could not open port 'COM10': PermissionError(13, 'Access is denied.', None, 5)
2025-06-13 10:04:23 - gui\uis\main_window\mainwindow.py[line:1435] - ERROR - could not open port 'COM10': PermissionError(13, 'Access is denied.', None, 5)
2025-06-13 10:04:26 - gui\uis\main_window\mainwindow.py[line:1435] - ERROR - could not open port 'COM10': PermissionError(13, 'Access is denied.', None, 5)
2025-06-13 10:04:45 - gui\uis\main_window\mainwindow.py[line:1435] - ERROR - could not open port 'COM10': FileNotFoundError(2, 'The system cannot find the file specified.', None, 2)
2025-06-13 10:04:48 - gui\uis\main_window\mainwindow.py[line:1435] - ERROR - could not open port 'COM10': FileNotFoundError(2, 'The system cannot find the file specified.', None, 2)
2025-06-13 10:04:57 - gui\uis\main_window\mainwindow.py[line:1435] - ERROR - could not open port 'COM10': FileNotFoundError(2, 'The system cannot find the file specified.', None, 2)
2025-06-13 10:05:02 - gui\uis\main_window\mainwindow.py[line:1435] - ERROR - could not open port 'COM10': FileNotFoundError(2, 'The system cannot find the file specified.', None, 2)
2025-06-13 10:05:18 - gui\uis\main_window\mainwindow.py[line:1435] - ERROR - could not open port 'COM10': PermissionError(13, 'Access is denied.', None, 5)
2025-06-13 10:05:25 - gui\uis\main_window\mainwindow.py[line:1435] - ERROR - could not open port 'COM10': PermissionError(13, 'Access is denied.', None, 5)
2025-06-13 10:05:45 - gui\uis\main_window\mainwindow.py[line:1435] - ERROR - could not open port 'COM10': PermissionError(13, 'Access is denied.', None, 5)
2025-06-13 10:05:49 - gui\uis\main_window\mainwindow.py[line:1435] - ERROR - could not open port 'COM10': PermissionError(13, 'Access is denied.', None, 5)
2025-06-13 10:05:50 - gui\uis\main_window\mainwindow.py[line:1435] - ERROR - could not open port 'COM10': PermissionError(13, 'Access is denied.', None, 5)
2025-06-13 10:05:57 - gui\uis\main_window\mainwindow.py[line:1435] - ERROR - could not open port 'COM10': PermissionError(13, 'Access is denied.', None, 5)
2025-06-13 10:06:01 - gui\uis\main_window\mainwindow.py[line:1435] - ERROR - could not open port 'COM10': PermissionError(13, 'Access is denied.', None, 5)
2025-06-13 10:06:05 - gui\uis\main_window\mainwindow.py[line:1435] - ERROR - could not open port 'COM10': PermissionError(13, 'Access is denied.', None, 5)
2025-06-13 10:06:16 - gui\uis\main_window\mainwindow.py[line:1442] - INFO - uart rate 115044.24778761061
2025-06-13 10:08:17 - gui\uis\main_window\mainwindow.py[line:1442] - INFO - uart rate 115044.24778761061
2025-06-13 10:08:28 - beacon\chip.py[line:518] - ERROR - eFuse 27 write 0203, read back 0000
2025-06-13 10:08:38 - gui\uis\main_window\mainwindow.py[line:1442] - INFO - uart rate 115044.24778761061
2025-06-20 09:52:55 - gui\uis\main_window\mainwindow.py[line:1435] - ERROR - could not open port 'COM10': PermissionError(13, 'Access is denied.', None, 5)
2025-06-20 09:53:05 - gui\uis\main_window\mainwindow.py[line:1442] - INFO - uart rate 115200.0
2025-06-20 09:53:30 - gui\uis\main_window\mainwindow.py[line:1442] - INFO - uart rate 115200.0
2025-06-20 09:53:35 - gui\uis\main_window\mainwindow.py[line:1442] - INFO - uart rate 115200.0
2025-06-20 09:53:40 - gui\uis\main_window\mainwindow.py[line:1442] - INFO - uart rate 115200.0
2025-06-20 09:53:45 - gui\uis\main_window\mainwindow.py[line:1442] - INFO - uart rate 115200.0
2025-06-20 09:54:01 - gui\uis\main_window\mainwindow.py[line:1442] - INFO - uart rate 115200.0
2025-06-20 09:54:09 - gui\uis\main_window\mainwindow.py[line:1442] - INFO - uart rate 115200.0
2025-06-20 09:54:16 - gui\uis\main_window\mainwindow.py[line:1442] - INFO - uart rate 115200.0
